// Jest Snapshot v1, https://goo.gl/fbAQLP

exports[`Testing Chat log renders the UI as expected 1`] = `
<section
  className="chat-log"
>
  <ul>
    <li
      className="chatEvent"
    >
      <div
        className="message-container"
      >
        <img
          alt="avatar for user"
          src="https://robohash.org/utlaborumfugit.jpg?size=200x200&set=set1"
        />
        <div>
          <h6>
            Axe Kubicka
          </h6>
           
          <span>
            4:50:46 AM
          </span>
          <p>
            Hello world
          </p>
        </div>
      </div>
    </li>
    <li
      className="chatEvent"
    >
      <span>
        <strong>
          Caty Flucker
        </strong>
         gave a thumbs up.
      </span>
    </li>
    <li
      className="chatEvent"
    >
      <span>
        <strong>
          Frank Runciman
        </strong>
         gave a thumbs down.
      </span>
    </li>
    <li
      className="chatEvent"
    >
      <span>
        <strong>
          Koren Templeton
        </strong>
         raised their hand.
      </span>
    </li>
    <li
      className="chatEvent"
    >
      <span>
        <strong>
          Koren Templeton
        </strong>
         clapped.
      </span>
    </li>
    <li
      className="chatEvent"
    >
      <span>
        <strong>
          Koren Templeton
        </strong>
         joined
      </span>
    </li>
    <li
      className="chatEvent"
    >
      <span>
        <strong>
          Ashla Attwool
        </strong>
         left
      </span>
    </li>
    <li
      className="chatEvent"
    >
      <span>
        <strong>
          Axe Kubicka
        </strong>
         joined the stage
      </span>
    </li>
    <li
      className="chatEvent"
    >
      <span>
        <strong>
          Axe Kubicka
        </strong>
         left the stage
      </span>
    </li>
  </ul>
</section>
`;
